
==========================================================================
resizer report_tns
--------------------------------------------------------------------------
tns 0.00

==========================================================================
resizer report_wns
--------------------------------------------------------------------------
wns 0.00

==========================================================================
resizer report_worst_slack
--------------------------------------------------------------------------
worst slack INF

==========================================================================
resizer report_checks -path_delay min
--------------------------------------------------------------------------
No paths found.

==========================================================================
resizer report_checks -path_delay max
--------------------------------------------------------------------------
No paths found.

==========================================================================
resizer report_checks -unconstrained
--------------------------------------------------------------------------
Startpoint: s2 (input port clocked by core_clock)
Endpoint: output5/X (internal pin)
Path Group: unconstrained
Path Type: max

Fanout     Cap    Slew   Delay    Time   Description
-----------------------------------------------------------------------------
                          0.50    0.50 v input external delay
     1    0.00    0.00    0.00    0.50 v s2 (in)
                                         s2 (net)
                  0.00    0.00    0.50 v input4/A (sky130_fd_sc_hd__buf_1)
     8    0.02    0.10    0.13    0.63 v input4/X (sky130_fd_sc_hd__buf_1)
                                         net4 (net)
                  0.10    0.00    0.63 v _0_/A (sky130_fd_sc_hd__nor4b_1)
     1    0.01    0.39    0.43    1.05 ^ _0_/Y (sky130_fd_sc_hd__nor4b_1)
                                         net5 (net)
                  0.39    0.00    1.05 ^ output5/A (sky130_fd_sc_hd__buf_1)
     0    0.00    0.03    0.11    1.17 ^ output5/X (sky130_fd_sc_hd__buf_1)
                                         y0 (net)
                                  1.17   data arrival time
-----------------------------------------------------------------------------
(Path is unconstrained)



==========================================================================
resizer report_check_types -max_slew -max_cap -max_fanout -violators
--------------------------------------------------------------------------

==========================================================================
resizer max_slew_check_slack
--------------------------------------------------------------------------
1.0896865129470825

==========================================================================
resizer max_slew_check_limit
--------------------------------------------------------------------------
1.479159951210022

==========================================================================
resizer max_slew_check_slack_limit
--------------------------------------------------------------------------
0.7367

==========================================================================
resizer max_fanout_check_slack
--------------------------------------------------------------------------
1.0000000150474662e+30

==========================================================================
resizer max_fanout_check_limit
--------------------------------------------------------------------------
1.0000000150474662e+30

==========================================================================
resizer max_capacitance_check_slack
--------------------------------------------------------------------------
0.026976648718118668

==========================================================================
resizer max_capacitance_check_limit
--------------------------------------------------------------------------
0.03388400003314018

==========================================================================
resizer max_capacitance_check_slack_limit
--------------------------------------------------------------------------
0.7961

==========================================================================
resizer max_slew_violation_count
--------------------------------------------------------------------------
max slew violation count 0

==========================================================================
resizer max_fanout_violation_count
--------------------------------------------------------------------------
max fanout violation count 0

==========================================================================
resizer max_cap_violation_count
--------------------------------------------------------------------------
max cap violation count 0

==========================================================================
resizer setup_violation_count
--------------------------------------------------------------------------
setup violation count 0

==========================================================================
resizer hold_violation_count
--------------------------------------------------------------------------
hold violation count 0

==========================================================================
resizer critical path delay
--------------------------------------------------------------------------
-1

==========================================================================
resizer critical path slack
--------------------------------------------------------------------------
0

==========================================================================
resizer slack div critical path delay
--------------------------------------------------------------------------
0.000000

==========================================================================
resizer report_power
--------------------------------------------------------------------------
Group                  Internal  Switching    Leakage      Total
                          Power      Power      Power      Power (Watts)
----------------------------------------------------------------
Sequential             0.00e+00   0.00e+00   0.00e+00   0.00e+00   0.0%
Combinational          6.26e-06   5.90e-06   5.64e-11   1.22e-05 100.0%
Clock                  0.00e+00   0.00e+00   0.00e+00   0.00e+00   0.0%
Macro                  0.00e+00   0.00e+00   0.00e+00   0.00e+00   0.0%
Pad                    0.00e+00   0.00e+00   0.00e+00   0.00e+00   0.0%
----------------------------------------------------------------
Total                  6.26e-06   5.90e-06   5.64e-11   1.22e-05 100.0%
                          51.5%      48.5%       0.0%
