
==========================================================================
global route report_tns
--------------------------------------------------------------------------
tns 0.00

==========================================================================
global route report_wns
--------------------------------------------------------------------------
wns 0.00

==========================================================================
global route report_worst_slack
--------------------------------------------------------------------------
worst slack 0.72

==========================================================================
global route report_clock_skew
--------------------------------------------------------------------------
Clock core_clock
No launch/capture paths found.


==========================================================================
global route report_checks -path_delay min
--------------------------------------------------------------------------
Startpoint: d (input port clocked by core_clock)
Endpoint: y5 (output port clocked by core_clock)
Path Group: core_clock
Path Type: min

Fanout     Cap    Slew   Delay    Time   Description
-----------------------------------------------------------------------------
                  0.00    0.00    0.00   clock core_clock (rise edge)
                          0.00    0.00   clock network delay (ideal)
                          0.50    0.50 v input external delay
     1    0.00    0.00    0.00    0.50 v d (in)
                                         d (net)
                  0.00    0.00    0.50 v input1/A (sky130_fd_sc_hd__buf_1)
     8    0.02    0.12    0.15    0.65 v input1/X (sky130_fd_sc_hd__buf_1)
                                         net1 (net)
                  0.12    0.00    0.65 v _5_/B (sky130_fd_sc_hd__and4b_1)
     1    0.00    0.03    0.20    0.85 v _5_/X (sky130_fd_sc_hd__and4b_1)
                                         net10 (net)
                  0.03    0.00    0.85 v output10/A (sky130_fd_sc_hd__buf_1)
     1    0.00    0.02    0.08    0.93 v output10/X (sky130_fd_sc_hd__buf_1)
                                         y5 (net)
                  0.02    0.00    0.93 v y5 (out)
                                  0.93   data arrival time

                  0.00    0.00    0.00   clock core_clock (rise edge)
                          0.00    0.00   clock network delay (ideal)
                          0.00    0.00   clock reconvergence pessimism
                         -0.50   -0.50   output external delay
                                 -0.50   data required time
-----------------------------------------------------------------------------
                                 -0.50   data required time
                                 -0.93   data arrival time
-----------------------------------------------------------------------------
                                  1.43   slack (MET)



==========================================================================
global route report_checks -path_delay max
--------------------------------------------------------------------------
Startpoint: d (input port clocked by core_clock)
Endpoint: y0 (output port clocked by core_clock)
Path Group: core_clock
Path Type: max

Fanout     Cap    Slew   Delay    Time   Description
-----------------------------------------------------------------------------
                  0.00    0.00    0.00   clock core_clock (rise edge)
                          0.00    0.00   clock network delay (ideal)
                          0.50    0.50 ^ input external delay
     1    0.00    0.00    0.00    0.50 ^ d (in)
                                         d (net)
                  0.00    0.00    0.50 ^ input1/A (sky130_fd_sc_hd__buf_1)
     8    0.02    0.25    0.21    0.71 ^ input1/X (sky130_fd_sc_hd__buf_1)
                                         net1 (net)
                  0.25    0.00    0.71 ^ _0_/D_N (sky130_fd_sc_hd__nor4b_1)
     1    0.01    0.45    0.43    1.14 ^ _0_/Y (sky130_fd_sc_hd__nor4b_1)
                                         net5 (net)
                  0.45    0.00    1.14 ^ output5/A (sky130_fd_sc_hd__buf_1)
     1    0.00    0.05    0.14    1.28 ^ output5/X (sky130_fd_sc_hd__buf_1)
                                         y0 (net)
                  0.05    0.00    1.28 ^ y0 (out)
                                  1.28   data arrival time

                  0.00    2.50    2.50   clock core_clock (rise edge)
                          0.00    2.50   clock network delay (ideal)
                          0.00    2.50   clock reconvergence pessimism
                         -0.50    2.00   output external delay
                                  2.00   data required time
-----------------------------------------------------------------------------
                                  2.00   data required time
                                 -1.28   data arrival time
-----------------------------------------------------------------------------
                                  0.72   slack (MET)



==========================================================================
global route report_checks -unconstrained
--------------------------------------------------------------------------
Startpoint: d (input port clocked by core_clock)
Endpoint: y0 (output port clocked by core_clock)
Path Group: core_clock
Path Type: max

Fanout     Cap    Slew   Delay    Time   Description
-----------------------------------------------------------------------------
                  0.00    0.00    0.00   clock core_clock (rise edge)
                          0.00    0.00   clock network delay (ideal)
                          0.50    0.50 ^ input external delay
     1    0.00    0.00    0.00    0.50 ^ d (in)
                                         d (net)
                  0.00    0.00    0.50 ^ input1/A (sky130_fd_sc_hd__buf_1)
     8    0.02    0.25    0.21    0.71 ^ input1/X (sky130_fd_sc_hd__buf_1)
                                         net1 (net)
                  0.25    0.00    0.71 ^ _0_/D_N (sky130_fd_sc_hd__nor4b_1)
     1    0.01    0.45    0.43    1.14 ^ _0_/Y (sky130_fd_sc_hd__nor4b_1)
                                         net5 (net)
                  0.45    0.00    1.14 ^ output5/A (sky130_fd_sc_hd__buf_1)
     1    0.00    0.05    0.14    1.28 ^ output5/X (sky130_fd_sc_hd__buf_1)
                                         y0 (net)
                  0.05    0.00    1.28 ^ y0 (out)
                                  1.28   data arrival time

                  0.00    2.50    2.50   clock core_clock (rise edge)
                          0.00    2.50   clock network delay (ideal)
                          0.00    2.50   clock reconvergence pessimism
                         -0.50    2.00   output external delay
                                  2.00   data required time
-----------------------------------------------------------------------------
                                  2.00   data required time
                                 -1.28   data arrival time
-----------------------------------------------------------------------------
                                  0.72   slack (MET)



==========================================================================
global route report_check_types -max_slew -max_cap -max_fanout -violators
--------------------------------------------------------------------------

==========================================================================
global route max_slew_check_slack
--------------------------------------------------------------------------
1.0272637605667114

==========================================================================
global route max_slew_check_limit
--------------------------------------------------------------------------
1.479159951210022

==========================================================================
global route max_slew_check_slack_limit
--------------------------------------------------------------------------
0.6945

==========================================================================
global route max_fanout_check_slack
--------------------------------------------------------------------------
1.0000000150474662e+30

==========================================================================
global route max_fanout_check_limit
--------------------------------------------------------------------------
1.0000000150474662e+30

==========================================================================
global route max_capacitance_check_slack
--------------------------------------------------------------------------
0.025340121239423752

==========================================================================
global route max_capacitance_check_limit
--------------------------------------------------------------------------
0.03388400003314018

==========================================================================
global route max_capacitance_check_slack_limit
--------------------------------------------------------------------------
0.7478

==========================================================================
global route max_slew_violation_count
--------------------------------------------------------------------------
max slew violation count 0

==========================================================================
global route max_fanout_violation_count
--------------------------------------------------------------------------
max fanout violation count 0

==========================================================================
global route max_cap_violation_count
--------------------------------------------------------------------------
max cap violation count 0

==========================================================================
global route setup_violation_count
--------------------------------------------------------------------------
setup violation count 0

==========================================================================
global route hold_violation_count
--------------------------------------------------------------------------
hold violation count 0

==========================================================================
global route critical path delay
--------------------------------------------------------------------------
1.2815

==========================================================================
global route critical path slack
--------------------------------------------------------------------------
0.7185

==========================================================================
global route slack div critical path delay
--------------------------------------------------------------------------
56.067109

==========================================================================
global route report_power
--------------------------------------------------------------------------
Group                  Internal  Switching    Leakage      Total
                          Power      Power      Power      Power (Watts)
----------------------------------------------------------------
Sequential             0.00e+00   0.00e+00   0.00e+00   0.00e+00   0.0%
Combinational          6.30e-06   8.24e-06   5.64e-11   1.45e-05 100.0%
Clock                  0.00e+00   0.00e+00   0.00e+00   0.00e+00   0.0%
Macro                  0.00e+00   0.00e+00   0.00e+00   0.00e+00   0.0%
Pad                    0.00e+00   0.00e+00   0.00e+00   0.00e+00   0.0%
----------------------------------------------------------------
Total                  6.30e-06   8.24e-06   5.64e-11   1.45e-05 100.0%
                          43.3%      56.7%       0.0%
