
==========================================================================
finish report_tns
--------------------------------------------------------------------------
tns 0.00

==========================================================================
finish report_wns
--------------------------------------------------------------------------
wns 0.00

==========================================================================
finish report_worst_slack
--------------------------------------------------------------------------
worst slack 0.86

==========================================================================
finish report_clock_skew
--------------------------------------------------------------------------
Clock core_clock
No launch/capture paths found.


==========================================================================
finish report_checks -path_delay min
--------------------------------------------------------------------------
Startpoint: s2 (input port clocked by core_clock)
Endpoint: y7 (output port clocked by core_clock)
Path Group: core_clock
Path Type: min

Fanout     Cap    Slew   Delay    Time   Description
-----------------------------------------------------------------------------
                  0.00    0.00    0.00   clock core_clock (rise edge)
                          0.00    0.00   clock network delay (ideal)
                          0.50    0.50 v input external delay
     1    0.00    0.00    0.00    0.50 v s2 (in)
                                         s2 (net)
                  0.00    0.00    0.50 v input4/A (sky130_fd_sc_hd__buf_1)
     8    0.02    0.11    0.14    0.64 v input4/X (sky130_fd_sc_hd__buf_1)
                                         net4 (net)
                  0.11    0.00    0.64 v _7_/A (sky130_fd_sc_hd__and4_1)
     1    0.00    0.03    0.17    0.81 v _7_/X (sky130_fd_sc_hd__and4_1)
                                         net12 (net)
                  0.03    0.00    0.81 v output12/A (sky130_fd_sc_hd__buf_1)
     1    0.00    0.01    0.07    0.88 v output12/X (sky130_fd_sc_hd__buf_1)
                                         y7 (net)
                  0.01    0.00    0.88 v y7 (out)
                                  0.88   data arrival time

                  0.00    0.00    0.00   clock core_clock (rise edge)
                          0.00    0.00   clock network delay (ideal)
                          0.00    0.00   clock reconvergence pessimism
                         -0.50   -0.50   output external delay
                                 -0.50   data required time
-----------------------------------------------------------------------------
                                 -0.50   data required time
                                 -0.88   data arrival time
-----------------------------------------------------------------------------
                                  1.38   slack (MET)



==========================================================================
finish report_checks -path_delay max
--------------------------------------------------------------------------
Startpoint: s2 (input port clocked by core_clock)
Endpoint: y0 (output port clocked by core_clock)
Path Group: core_clock
Path Type: max

Fanout     Cap    Slew   Delay    Time   Description
-----------------------------------------------------------------------------
                  0.00    0.00    0.00   clock core_clock (rise edge)
                          0.00    0.00   clock network delay (ideal)
                          0.50    0.50 v input external delay
     1    0.00    0.00    0.00    0.50 v s2 (in)
                                         s2 (net)
                  0.00    0.00    0.50 v input4/A (sky130_fd_sc_hd__buf_1)
     8    0.02    0.11    0.14    0.64 v input4/X (sky130_fd_sc_hd__buf_1)
                                         net4 (net)
                  0.11    0.00    0.64 v _0_/A (sky130_fd_sc_hd__nor4b_1)
     1    0.01    0.34    0.39    1.03 ^ _0_/Y (sky130_fd_sc_hd__nor4b_1)
                                         net5 (net)
                  0.34    0.00    1.03 ^ output5/A (sky130_fd_sc_hd__buf_1)
     1    0.00    0.03    0.11    1.14 ^ output5/X (sky130_fd_sc_hd__buf_1)
                                         y0 (net)
                  0.03    0.00    1.14 ^ y0 (out)
                                  1.14   data arrival time

                  0.00    2.50    2.50   clock core_clock (rise edge)
                          0.00    2.50   clock network delay (ideal)
                          0.00    2.50   clock reconvergence pessimism
                         -0.50    2.00   output external delay
                                  2.00   data required time
-----------------------------------------------------------------------------
                                  2.00   data required time
                                 -1.14   data arrival time
-----------------------------------------------------------------------------
                                  0.86   slack (MET)



==========================================================================
finish report_checks -unconstrained
--------------------------------------------------------------------------
Startpoint: s2 (input port clocked by core_clock)
Endpoint: y0 (output port clocked by core_clock)
Path Group: core_clock
Path Type: max

Fanout     Cap    Slew   Delay    Time   Description
-----------------------------------------------------------------------------
                  0.00    0.00    0.00   clock core_clock (rise edge)
                          0.00    0.00   clock network delay (ideal)
                          0.50    0.50 v input external delay
     1    0.00    0.00    0.00    0.50 v s2 (in)
                                         s2 (net)
                  0.00    0.00    0.50 v input4/A (sky130_fd_sc_hd__buf_1)
     8    0.02    0.11    0.14    0.64 v input4/X (sky130_fd_sc_hd__buf_1)
                                         net4 (net)
                  0.11    0.00    0.64 v _0_/A (sky130_fd_sc_hd__nor4b_1)
     1    0.01    0.34    0.39    1.03 ^ _0_/Y (sky130_fd_sc_hd__nor4b_1)
                                         net5 (net)
                  0.34    0.00    1.03 ^ output5/A (sky130_fd_sc_hd__buf_1)
     1    0.00    0.03    0.11    1.14 ^ output5/X (sky130_fd_sc_hd__buf_1)
                                         y0 (net)
                  0.03    0.00    1.14 ^ y0 (out)
                                  1.14   data arrival time

                  0.00    2.50    2.50   clock core_clock (rise edge)
                          0.00    2.50   clock network delay (ideal)
                          0.00    2.50   clock reconvergence pessimism
                         -0.50    2.00   output external delay
                                  2.00   data required time
-----------------------------------------------------------------------------
                                  2.00   data required time
                                 -1.14   data arrival time
-----------------------------------------------------------------------------
                                  0.86   slack (MET)



==========================================================================
finish report_check_types -max_slew -max_cap -max_fanout -violators
--------------------------------------------------------------------------

==========================================================================
finish max_slew_check_slack
--------------------------------------------------------------------------
1.1370265483856201

==========================================================================
finish max_slew_check_limit
--------------------------------------------------------------------------
1.479159951210022

==========================================================================
finish max_slew_check_slack_limit
--------------------------------------------------------------------------
0.7687

==========================================================================
finish max_fanout_check_slack
--------------------------------------------------------------------------
1.0000000150474662e+30

==========================================================================
finish max_fanout_check_limit
--------------------------------------------------------------------------
1.0000000150474662e+30

==========================================================================
finish max_capacitance_check_slack
--------------------------------------------------------------------------
0.028224876150488853

==========================================================================
finish max_capacitance_check_limit
--------------------------------------------------------------------------
0.03388400003314018

==========================================================================
finish max_capacitance_check_slack_limit
--------------------------------------------------------------------------
0.8330

==========================================================================
finish max_slew_violation_count
--------------------------------------------------------------------------
max slew violation count 0

==========================================================================
finish max_fanout_violation_count
--------------------------------------------------------------------------
max fanout violation count 0

==========================================================================
finish max_cap_violation_count
--------------------------------------------------------------------------
max cap violation count 0

==========================================================================
finish setup_violation_count
--------------------------------------------------------------------------
setup violation count 0

==========================================================================
finish hold_violation_count
--------------------------------------------------------------------------
hold violation count 0

==========================================================================
finish critical path delay
--------------------------------------------------------------------------
1.1405

==========================================================================
finish critical path slack
--------------------------------------------------------------------------
0.8595

==========================================================================
finish slack div critical path delay
--------------------------------------------------------------------------
75.361683

==========================================================================
finish report_power
--------------------------------------------------------------------------
Group                  Internal  Switching    Leakage      Total
                          Power      Power      Power      Power (Watts)
----------------------------------------------------------------
Sequential             0.00e+00   0.00e+00   0.00e+00   0.00e+00   0.0%
Combinational          6.26e-06   6.54e-06   5.64e-11   1.28e-05 100.0%
Clock                  0.00e+00   0.00e+00   0.00e+00   0.00e+00   0.0%
Macro                  0.00e+00   0.00e+00   0.00e+00   0.00e+00   0.0%
Pad                    0.00e+00   0.00e+00   0.00e+00   0.00e+00   0.0%
----------------------------------------------------------------
Total                  6.26e-06   6.54e-06   5.64e-11   1.28e-05 100.0%
                          48.9%      51.1%       0.0%
